To honour the JVM settings for this build a single-use Daemon process will be forked. For more on this, please refer to https://docs.gradle.org/8.10.2/userguide/gradle_daemon.html#sec:disabling_the_daemon in the Gradle documentation.
Daemon will be stopped at the end of the build 
> Task :app:checkKotlinGradlePluginConfigurationErrors
> Task :app:extractDebugPythonBuildPackages FAILED

FAILURE: Build failed with an exception.

* What went wrong:
Execution failed for task ':app:extractDebugPythonBuildPackages'.
> java.io.IOException: Unable to delete directory 'C:\Users\prsnl\OneDrive\Desktop\android\app\build\python\env\debug'
    Failed to delete some children. This might happen because a process has files open or has its working directory set in the target directory.
    - C:\Users\prsnl\OneDrive\Desktop\android\app\build\python\env\debug\Include
    - C:\Users\prsnl\OneDrive\Desktop\android\app\build\python\env\debug\Lib\site-packages\attr
    - C:\Users\prsnl\OneDrive\Desktop\android\app\build\python\env\debug\Lib\site-packages\attrs
    - C:\Users\prsnl\OneDrive\Desktop\android\app\build\python\env\debug\Lib\site-packages\attrs-23.1.0.dist-info\licenses
    - C:\Users\prsnl\OneDrive\Desktop\android\app\build\python\env\debug\Lib\site-packages\attrs-23.1.0.dist-info
    - C:\Users\prsnl\OneDrive\Desktop\android\app\build\python\env\debug\Lib\site-packages\chaquopy\__pycache__
    - C:\Users\prsnl\OneDrive\Desktop\android\app\build\python\env\debug\Lib\site-packages\chaquopy
    - C:\Users\prsnl\OneDrive\Desktop\android\app\build\python\env\debug\Lib\site-packages\pip\_internal\cli
    - C:\Users\prsnl\OneDrive\Desktop\android\app\build\python\env\debug\Lib\site-packages\pip\_internal\commands
    - C:\Users\prsnl\OneDrive\Desktop\android\app\build\python\env\debug\Lib\site-packages\pip\_internal\distributions
    - C:\Users\prsnl\OneDrive\Desktop\android\app\build\python\env\debug\Lib\site-packages\pip\_internal\index
    - C:\Users\prsnl\OneDrive\Desktop\android\app\build\python\env\debug\Lib\site-packages\pip\_internal\models
    - C:\Users\prsnl\OneDrive\Desktop\android\app\build\python\env\debug\Lib\site-packages\pip\_internal\network
    - C:\Users\prsnl\OneDrive\Desktop\android\app\build\python\env\debug\Lib\site-packages\pip\_internal\operations\build
    - C:\Users\prsnl\OneDrive\Desktop\android\app\build\python\env\debug\Lib\site-packages\pip\_internal\operations\install
    - C:\Users\prsnl\OneDrive\Desktop\android\app\build\python\env\debug\Lib\site-packages\pip\_internal\operations
    - and more ...

* Try:
> Run with --stacktrace option to get the stack trace.
> Run with --info or --debug option to get more log output.
> Run with --scan to get full insights.
> Get more help at https://help.gradle.org.

Deprecated Gradle features were used in this build, making it incompatible with Gradle 9.0.

You can use '--warning-mode all' to show the individual deprecation warnings and determine if they come from your own scripts or plugins.

For more on this, please refer to https://docs.gradle.org/8.10.2/userguide/command_line_interface.html#sec:command_line_warnings in the Gradle documentation.

BUILD FAILED in 24s
2 actionable tasks: 2 executed
